// Vitest Snapshot v1, https://vitest.dev/guide/snapshot.html

exports[`basic rendering case > snapshot 1`] = `
<DocumentFragment>
  <div
    class="yozora-code-renderer-graphviz"
  >
    <svg
      height="255pt"
      viewBox="0.00 0.00 576.00 255.00"
      width="576pt"
      xmlns="http://www.w3.org/2000/svg"
      xmlns:xlink="http://www.w3.org/1999/xlink"
    >
      

      <g
        class="graph"
        id="graph0"
        transform="scale(0.996361 0.996361) rotate(0) translate(4 252)"
      >
        

        <title>
          finite_state_machine
        </title>
        

        <polygon
          fill="white"
          points="-4,4 -4,-252 574.1,-252 574.1,4 -4,4"
          stroke="none"
        />
        

        <!-- 0 -->
        

        <g
          class="node"
          id="node1"
        >
          

          <title>
            0
          </title>
          

          <ellipse
            cx="22"
            cy="-77"
            fill="none"
            rx="18"
            ry="18"
            stroke="black"
          />
          

          <ellipse
            cx="22"
            cy="-77"
            fill="none"
            rx="22"
            ry="22"
            stroke="black"
          />
          

          <text
            font-family="Times,serif"
            font-size="14.00"
            space="preserve"
            text-anchor="middle"
            x="22"
            y="-72.8"
          >
            0
          </text>
          

        </g>
        

        <!-- 2 -->
        

        <g
          class="node"
          id="node5"
        >
          

          <title>
            2
          </title>
          

          <ellipse
            cx="132.23"
            cy="-106"
            fill="none"
            rx="18"
            ry="18"
            stroke="black"
          />
          

          <text
            font-family="Times,serif"
            font-size="14.00"
            space="preserve"
            text-anchor="middle"
            x="132.23"
            y="-101.8"
          >
            2
          </text>
          

        </g>
        

        <!-- 0&#45;&gt;2 -->
        

        <g
          class="edge"
          id="edge1"
        >
          

          <title>
            0-&gt;2
          </title>
          

          <path
            d="M43.61,-82.52C60.6,-87.07 84.84,-93.57 103.53,-98.58"
            fill="none"
            stroke="black"
          />
          

          <polygon
            fill="black"
            points="102.57,-101.94 113.13,-101.15 104.38,-95.18 102.57,-101.94"
            stroke="black"
          />
          

          <text
            font-family="Times,serif"
            font-size="14.00"
            space="preserve"
            text-anchor="middle"
            x="79.12"
            y="-100.82"
          >
            SS(B)
          </text>
          

        </g>
        

        <!-- 1 -->
        

        <g
          class="node"
          id="node6"
        >
          

          <title>
            1
          </title>
          

          <ellipse
            cx="132.23"
            cy="-50"
            fill="none"
            rx="18"
            ry="18"
            stroke="black"
          />
          

          <text
            font-family="Times,serif"
            font-size="14.00"
            space="preserve"
            text-anchor="middle"
            x="132.23"
            y="-45.8"
          >
            1
          </text>
          

        </g>
        

        <!-- 0&#45;&gt;1 -->
        

        <g
          class="edge"
          id="edge2"
        >
          

          <title>
            0-&gt;1
          </title>
          

          <path
            d="M42.54,-68.08C48.67,-65.56 55.53,-63.01 62,-61.2 75.15,-57.52 90.07,-54.92 102.68,-53.15"
            fill="none"
            stroke="black"
          />
          

          <polygon
            fill="black"
            points="102.96,-56.64 112.43,-51.9 102.07,-49.7 102.96,-56.64"
            stroke="black"
          />
          

          <text
            font-family="Times,serif"
            font-size="14.00"
            space="preserve"
            text-anchor="middle"
            x="79.12"
            y="-65.4"
          >
            SS(S)
          </text>
          

        </g>
        

        <!-- 3 -->
        

        <g
          class="node"
          id="node2"
        >
          

          <title>
            3
          </title>
          

          <ellipse
            cx="252.56"
            cy="-22"
            fill="none"
            rx="18"
            ry="18"
            stroke="black"
          />
          

          <ellipse
            cx="252.56"
            cy="-22"
            fill="none"
            rx="22"
            ry="22"
            stroke="black"
          />
          

          <text
            font-family="Times,serif"
            font-size="14.00"
            space="preserve"
            text-anchor="middle"
            x="252.56"
            y="-17.8"
          >
            3
          </text>
          

        </g>
        

        <!-- 4 -->
        

        <g
          class="node"
          id="node3"
        >
          

          <title>
            4
          </title>
          

          <ellipse
            cx="252.56"
            cy="-226"
            fill="none"
            rx="18"
            ry="18"
            stroke="black"
          />
          

          <ellipse
            cx="252.56"
            cy="-226"
            fill="none"
            rx="22"
            ry="22"
            stroke="black"
          />
          

          <text
            font-family="Times,serif"
            font-size="14.00"
            space="preserve"
            text-anchor="middle"
            x="252.56"
            y="-221.8"
          >
            4
          </text>
          

        </g>
        

        <!-- 8 -->
        

        <g
          class="node"
          id="node4"
        >
          

          <title>
            8
          </title>
          

          <ellipse
            cx="548.1"
            cy="-114"
            fill="none"
            rx="18"
            ry="18"
            stroke="black"
          />
          

          <ellipse
            cx="548.1"
            cy="-114"
            fill="none"
            rx="22"
            ry="22"
            stroke="black"
          />
          

          <text
            font-family="Times,serif"
            font-size="14.00"
            space="preserve"
            text-anchor="middle"
            x="548.1"
            y="-109.8"
          >
            8
          </text>
          

        </g>
        

        <!-- 6 -->
        

        <g
          class="node"
          id="node7"
        >
          

          <title>
            6
          </title>
          

          <ellipse
            cx="252.56"
            cy="-133"
            fill="none"
            rx="18"
            ry="18"
            stroke="black"
          />
          

          <text
            font-family="Times,serif"
            font-size="14.00"
            space="preserve"
            text-anchor="middle"
            x="252.56"
            y="-128.8"
          >
            6
          </text>
          

        </g>
        

        <!-- 8&#45;&gt;6 -->
        

        <g
          class="edge"
          id="edge13"
        >
          

          <title>
            8-&gt;6
          </title>
          

          <path
            d="M526.56,-119.76C520.64,-121.29 514.14,-122.84 508.1,-124 431.66,-138.72 411.61,-146.34 333.88,-142 316.64,-141.04 297.4,-138.92 282.08,-136.98"
            fill="none"
            stroke="black"
          />
          

          <polygon
            fill="black"
            points="282.62,-133.52 272.25,-135.69 281.71,-140.46 282.62,-133.52"
            stroke="black"
          />
          

          <text
            font-family="Times,serif"
            font-size="14.00"
            space="preserve"
            text-anchor="middle"
            x="399.94"
            y="-147.11"
          >
            S(b)
          </text>
          

        </g>
        

        <!-- 5 -->
        

        <g
          class="node"
          id="node8"
        >
          

          <title>
            5
          </title>
          

          <ellipse
            cx="351.88"
            cy="-80"
            fill="none"
            rx="18"
            ry="18"
            stroke="black"
          />
          

          <text
            font-family="Times,serif"
            font-size="14.00"
            space="preserve"
            text-anchor="middle"
            x="351.88"
            y="-75.8"
          >
            5
          </text>
          

        </g>
        

        <!-- 8&#45;&gt;5 -->
        

        <g
          class="edge"
          id="edge14"
        >
          

          <title>
            8-&gt;5
          </title>
          

          <path
            d="M525.7,-112.71C494.87,-110.5 436.32,-105.03 387.88,-93 385.23,-92.34 382.5,-91.55 379.79,-90.68"
            fill="none"
            stroke="black"
          />
          

          <polygon
            fill="black"
            points="381.05,-87.41 370.45,-87.36 378.71,-94.01 381.05,-87.41"
            stroke="black"
          />
          

          <text
            font-family="Times,serif"
            font-size="14.00"
            space="preserve"
            text-anchor="middle"
            x="447.99"
            y="-110.9"
          >
            S(a)
          </text>
          

        </g>
        

        <!-- 2&#45;&gt;4 -->
        

        <g
          class="edge"
          id="edge6"
        >
          

          <title>
            2-&gt;4
          </title>
          

          <path
            d="M145.07,-119.16C151.77,-126.55 160.38,-135.88 168.23,-144 187.94,-164.37 210.95,-186.92 227.78,-203.21"
            fill="none"
            stroke="black"
          />
          

          <polygon
            fill="black"
            points="225.26,-205.64 234.89,-210.06 230.12,-200.6 225.26,-205.64"
            stroke="black"
          />
          

          <text
            font-family="Times,serif"
            font-size="14.00"
            space="preserve"
            text-anchor="middle"
            x="190.4"
            y="-191.09"
          >
            S(A)
          </text>
          

        </g>
        

        <!-- 2&#45;&gt;6 -->
        

        <g
          class="edge"
          id="edge4"
        >
          

          <title>
            2-&gt;6
          </title>
          

          <path
            d="M150.19,-109.87C169.34,-114.24 200.81,-121.42 223.61,-126.62"
            fill="none"
            stroke="black"
          />
          

          <polygon
            fill="black"
            points="222.63,-129.99 233.16,-128.8 224.19,-123.16 222.63,-129.99"
            stroke="black"
          />
          

          <text
            font-family="Times,serif"
            font-size="14.00"
            space="preserve"
            text-anchor="middle"
            x="190.4"
            y="-127.7"
          >
            SS(b)
          </text>
          

        </g>
        

        <!-- 2&#45;&gt;5 -->
        

        <g
          class="edge"
          id="edge5"
        >
          

          <title>
            2-&gt;5
          </title>
          

          <path
            d="M150.39,-102.53C169.78,-98.73 202.31,-92.71 230.56,-89.2 261.86,-85.31 297.96,-82.81 322.39,-81.42"
            fill="none"
            stroke="black"
          />
          

          <polygon
            fill="black"
            points="322.39,-84.92 332.18,-80.88 322.01,-77.93 322.39,-84.92"
            stroke="black"
          />
          

          <text
            font-family="Times,serif"
            font-size="14.00"
            space="preserve"
            text-anchor="middle"
            x="252.56"
            y="-93.4"
          >
            SS(a)
          </text>
          

        </g>
        

        <!-- 1&#45;&gt;3 -->
        

        <g
          class="edge"
          id="edge3"
        >
          

          <title>
            1-&gt;3
          </title>
          

          <path
            d="M150.19,-45.99C168.25,-41.71 197.28,-34.85 219.65,-29.55"
            fill="none"
            stroke="black"
          />
          

          <polygon
            fill="black"
            points="220.25,-33.01 229.17,-27.3 218.64,-26.19 220.25,-33.01"
            stroke="black"
          />
          

          <text
            font-family="Times,serif"
            font-size="14.00"
            space="preserve"
            text-anchor="middle"
            x="190.4"
            y="-45.14"
          >
            S($end)
          </text>
          

        </g>
        

        <!-- 6&#45;&gt;6 -->
        

        <g
          class="edge"
          id="edge9"
        >
          

          <title>
            6-&gt;6
          </title>
          

          <path
            d="M243.64,-148.92C241.31,-159.15 244.28,-169 252.56,-169 257.6,-169 260.67,-165.34 261.78,-160.17"
            fill="none"
            stroke="black"
          />
          

          <polygon
            fill="black"
            points="265.29,-160.33 261.52,-150.43 258.29,-160.52 265.29,-160.33"
            stroke="black"
          />
          

          <text
            font-family="Times,serif"
            font-size="14.00"
            space="preserve"
            text-anchor="middle"
            x="252.56"
            y="-173.2"
          >
            S(b)
          </text>
          

        </g>
        

        <!-- 6&#45;&gt;5 -->
        

        <g
          class="edge"
          id="edge10"
        >
          

          <title>
            6-&gt;5
          </title>
          

          <path
            d="M268.77,-124.72C283.89,-116.48 307.37,-103.7 325.35,-93.9"
            fill="none"
            stroke="black"
          />
          

          <polygon
            fill="black"
            points="327.02,-96.98 334.13,-89.12 323.68,-90.83 327.02,-96.98"
            stroke="black"
          />
          

          <text
            font-family="Times,serif"
            font-size="14.00"
            space="preserve"
            text-anchor="middle"
            x="304.22"
            y="-115.45"
          >
            S(a)
          </text>
          

        </g>
        

        <!-- 5&#45;&gt;5 -->
        

        <g
          class="edge"
          id="edge8"
        >
          

          <title>
            5-&gt;5
          </title>
          

          <path
            d="M343.58,-96.29C341.57,-106.39 344.34,-116 351.88,-116 356.36,-116 359.15,-112.61 360.27,-107.74"
            fill="none"
            stroke="black"
          />
          

          <polygon
            fill="black"
            points="363.77,-107.78 360.2,-97.8 356.77,-107.83 363.77,-107.78"
            stroke="black"
          />
          

          <text
            font-family="Times,serif"
            font-size="14.00"
            space="preserve"
            text-anchor="middle"
            x="351.88"
            y="-120.2"
          >
            S(a)
          </text>
          

        </g>
        

        <!-- 7 -->
        

        <g
          class="node"
          id="node9"
        >
          

          <title>
            7
          </title>
          

          <ellipse
            cx="447.99"
            cy="-60"
            fill="none"
            rx="18"
            ry="18"
            stroke="black"
          />
          

          <text
            font-family="Times,serif"
            font-size="14.00"
            space="preserve"
            text-anchor="middle"
            x="447.99"
            y="-55.8"
          >
            7
          </text>
          

        </g>
        

        <!-- 5&#45;&gt;7 -->
        

        <g
          class="edge"
          id="edge7"
        >
          

          <title>
            5-&gt;7
          </title>
          

          <path
            d="M369.71,-76.42C383.41,-73.51 403.03,-69.34 419.08,-65.93"
            fill="none"
            stroke="black"
          />
          

          <polygon
            fill="black"
            points="419.46,-69.43 428.52,-63.93 418.01,-62.58 419.46,-69.43"
            stroke="black"
          />
          

          <text
            font-family="Times,serif"
            font-size="14.00"
            space="preserve"
            text-anchor="middle"
            x="399.94"
            y="-76.58"
          >
            S(b)
          </text>
          

        </g>
        

        <!-- 7&#45;&gt;8 -->
        

        <g
          class="edge"
          id="edge11"
        >
          

          <title>
            7-&gt;8
          </title>
          

          <path
            d="M465.64,-65.07C477.83,-69.12 494.53,-75.4 508.1,-83.2 512.9,-85.95 517.74,-89.26 522.3,-92.67"
            fill="none"
            stroke="black"
          />
          

          <polygon
            fill="black"
            points="519.97,-95.29 529.98,-98.73 524.3,-89.79 519.97,-95.29"
            stroke="black"
          />
          

          <text
            font-family="Times,serif"
            font-size="14.00"
            space="preserve"
            text-anchor="middle"
            x="496.05"
            y="-87.4"
          >
            S(b)
          </text>
          

        </g>
        

        <!-- 7&#45;&gt;5 -->
        

        <g
          class="edge"
          id="edge12"
        >
          

          <title>
            7-&gt;5
          </title>
          

          <path
            d="M431.53,-51.82C419.36,-46.52 402.14,-41.56 387.88,-47.2 381.88,-49.57 376.31,-53.51 371.45,-57.86"
            fill="none"
            stroke="black"
          />
          

          <polygon
            fill="black"
            points="369.15,-55.21 364.61,-64.78 374.13,-60.13 369.15,-55.21"
            stroke="black"
          />
          

          <text
            font-family="Times,serif"
            font-size="14.00"
            space="preserve"
            text-anchor="middle"
            x="399.94"
            y="-51.4"
          >
            S(a)
          </text>
          

        </g>
        

      </g>
      

    </svg>
  </div>
</DocumentFragment>
`;
